[18:13:57] [main/INFO]: Loading Minecraft 26.1.2 with Fabric Loader 0.19.5
[18:13:57] [ForkJoinPool-1-worker-8/WARN]: Mod punchy uses the version 2.8d which isn't compatible with Loader's extended semantic version format (Could not parse version number component '8d'!), SemVer is recommended for reliably evaluating dependencies and prioritizing newer version
[18:13:57] [main/WARN]: Warnings were found!
 - ¡El mod 'LambDynamicLights' (lambdynlights) 4.11.2+26.1.2 recomienda la versión 18.0.0 o posterior de modmenu, que no tienes!
	 - Debería instalar la versión 18.0.0 o posterior de modmenu para una experiencia óptima.
[18:13:57] [main/INFO]: Loading 147 mods:
	- badoptimizations 2.4.1
	- bettergrass 1.8.7+fabric.26.1.2
	- c2me 0.4.0-alpha.0.62+26.1.2
	   |-- c2me-base 0.4.0-alpha.0.62+26.1.2
	   |-- c2me-client-uncapvd 0.4.0-alpha.0.62+26.1.2
	   |-- c2me-fixes-chunkio-threading-issues 0.4.0-alpha.0.62+26.1.2
	   |-- c2me-fixes-general-threading-issues 0.4.0-alpha.0.62+26.1.2
	   |-- c2me-fixes-worldgen-threading-issues 0.4.0-alpha.0.62+26.1.2
	   |-- c2me-fixes-worldgen-vanilla-bugs 0.4.0-alpha.0.62+26.1.2
	   |-- c2me-notickvd 0.4.0-alpha.0.62+26.1.2
	   |-- c2me-opts-allocs 0.4.0-alpha.0.62+26.1.2
	   |-- c2me-opts-chunkio 0.4.0-alpha.0.62+26.1.2
	   |-- c2me-opts-dfc 0.4.0-alpha.0.62+26.1.2
	   |-- c2me-opts-math 0.4.0-alpha.0.62+26.1.2
	   |-- c2me-opts-natives-math 0.4.0-alpha.0.62+26.1.2
	   |-- c2me-opts-scheduling 0.4.0-alpha.0.62+26.1.2
	   |-- c2me-opts-worldgen-general 0.4.0-alpha.0.62+26.1.2
	   |-- c2me-opts-worldgen-vanilla 0.4.0-alpha.0.62+26.1.2
	   |-- c2me-rewrites-chunk-serializer 0.4.0-alpha.0.62+26.1.2
	   |-- c2me-rewrites-chunk-system 0.4.0-alpha.0.62+26.1.2
	   |-- c2me-rewrites-chunkio 0.4.0-alpha.0.62+26.1.2
	   |-- c2me-server-utils 0.4.0-alpha.0.62+26.1.2
	   |-- c2me-threading-lighting 0.4.0-alpha.0.62+26.1.2
	   |-- com_electronwill_night-config_core 3.6.5
	   |-- com_electronwill_night-config_toml 3.6.5
	   |-- com_github_ben-manes_caffeine_caffeine 3.2.1
	   |-- com_ibm_async_asyncutil 0.1.0
	   |-- io_reactivex_rxjava3_rxjava 3.1.12
	   |-- mixinsquared 0.3.7-beta.1
	   |-- net_objecthunter_exp4j 0.4.8
	   |-- org_jctools_jctools-core 4.0.5
	   \-- org_reactivestreams_reactive-streams 1.0.4
	- cloth-config 26.1.154
	   \-- cloth-basic-math 0.6.1
	- entity_model_features 3.3.8
	- entity_texture_features 7.2.4
	- entityculling 1.11.2
	   |-- transition 1.0.25
	   \-- trender 1.0.17
	- fabric-api 0.155.3+26.1.2
	   |-- fabric-api-base 2.0.3+ece063234c
	   |-- fabric-api-lookup-api-v1 2.0.12+d5a053b64c
	   |-- fabric-biome-api-v1 18.0.5+2fa62b4e4c
	   |-- fabric-block-api-v1 3.0.2+ec56b6014c
	   |-- fabric-block-getter-api-v2 2.0.6+ec56b6014c
	   |-- fabric-command-api-v2 3.0.5+e2bdee784c
	   |-- fabric-content-registries-v0 11.3.1+af8a297c4c
	   |-- fabric-convention-tags-v2 4.6.2+4f11f7994c
	   |-- fabric-crash-report-info-v1 1.0.3+9f78a5a84c
	   |-- fabric-creative-tab-api-v1 5.0.12+a981f2874c
	   |-- fabric-data-attachment-api-v1 2.2.10+44a0bd1d4c
	   |-- fabric-data-generation-api-v1 24.3.4+cda368334c
	   |-- fabric-debug-api-v1 1.0.1+c792624d4c
	   |-- fabric-dimensions-v1 5.1.7+ad343a8d4c
	   |-- fabric-entity-events-v1 5.0.2+e2bdee784c
	   |-- fabric-events-interaction-v0 5.2.3+07b380be4c
	   |-- fabric-game-rule-api-v1 4.0.5+d871b99e4c
	   |-- fabric-item-api-v1 14.3.0+6d1aaa724c
	   |-- fabric-key-mapping-api-v1 2.0.4+e2bdee784c
	   |-- fabric-lifecycle-events-v1 4.1.1+df84eb3d4c
	   |-- fabric-loot-api-v3 3.0.12+00a1fba64c
	   |-- fabric-menu-api-v1 2.0.15+d871b99e4c
	   |-- fabric-message-api-v1 7.0.5+dae8ce3e4c
	   |-- fabric-model-loading-api-v1 8.0.11+c80601bb4c
	   |-- fabric-networking-api-v1 6.3.2+a217cccf4c
	   |-- fabric-object-builder-api-v1 23.1.1+abb459f14c
	   |-- fabric-particles-v1 5.0.16+b61fef434c
	   |-- fabric-permission-api-v1 1.0.3+5730ecca4c
	   |-- fabric-recipe-api-v1 9.0.17+be4b75ae4c
	   |-- fabric-registry-sync-v0 7.1.1+2fa62b4e4c
	   |-- fabric-renderer-api-v1 13.0.8+c80601bb4c
	   |-- fabric-renderer-indigo 8.1.5+1403e82c4c
	   |-- fabric-rendering-fluids-v1 6.0.1+d871b99e4c
	   |-- fabric-rendering-v1 23.3.1+e9207d814c
	   |-- fabric-resource-conditions-api-v1 6.1.0+83dd0ba34c
	   |-- fabric-resource-loader-v0 3.3.17+4fc5413f4c
	   |-- fabric-resource-loader-v1 2.0.10+7c44c7324c
	   |-- fabric-screen-api-v1 5.1.0+981dd9b24c
	   |-- fabric-serialization-api-v1 2.0.3+11a26f314c
	   |-- fabric-sound-api-v1 2.0.4+11a26f314c
	   |-- fabric-tag-api-v1 2.1.1+371cf5db4c
	   |-- fabric-transfer-api-v1 8.0.6+357ea7334c
	   \-- fabric-transitive-access-wideners-v1 8.1.3+3ff549fb4c
	- fabric-language-kotlin 1.14.1+kotlin.2.4.20
	   |-- org_jetbrains_kotlin_kotlin-reflect 2.4.20
	   |-- org_jetbrains_kotlin_kotlin-stdlib 2.4.20
	   |-- org_jetbrains_kotlin_kotlin-stdlib-jdk7 2.4.20
	   |-- org_jetbrains_kotlin_kotlin-stdlib-jdk8 2.4.20
	   |-- org_jetbrains_kotlinx_atomicfu-jvm 0.33.0
	   |-- org_jetbrains_kotlinx_kotlinx-coroutines-core-jvm 1.11.0
	   |-- org_jetbrains_kotlinx_kotlinx-coroutines-jdk8 1.11.0
	   |-- org_jetbrains_kotlinx_kotlinx-datetime-jvm 0.8.0
	   |-- org_jetbrains_kotlinx_kotlinx-io-bytestring-jvm 0.9.1
	   |-- org_jetbrains_kotlinx_kotlinx-io-core-jvm 0.9.1
	   |-- org_jetbrains_kotlinx_kotlinx-serialization-cbor-jvm 1.11.0
	   |-- org_jetbrains_kotlinx_kotlinx-serialization-core-jvm 1.11.0
	   \-- org_jetbrains_kotlinx_kotlinx-serialization-json-jvm 1.11.0
	- fabricloader 0.19.5
	   \-- mixinextras 0.5.5
	- fallingleaves 2.0.7
	- fastipping 1.0.12
	- ferritecore 9.0.0
	- immediatelyfast 1.15.3+26.1
	   \-- net_lenni0451_reflect 1.6.2
	- iris 1.11.4+mc26.1.2
	   |-- fabric-api-base 2.0.3+ece063234c
	   |-- io_github_douira_glsl-transformer 3.0.0-pre3
	   |-- org_anarres_jcpp 1.4.14
	   \-- org_antlr_antlr4-runtime 4.13.1
	- ixeris 4.6.8+26.1.2-fabric
	- java 25
	- lambdynlights 4.11.2+26.1.2
	   |-- lambdynlights_api 4.11.2+26.1.2
	   |    |-- yumi_commons_collections 2.0.0
	   |    |-- yumi_commons_core 2.0.0
	   |    \-- yumi_commons_event 2.0.0
	   |-- pride 1.6.0+26.1
	   |-- spruceui 10.0.0+26.1
	   \-- yumi_mc_core 1.1.0+26.1
	        |-- yumi_commons_collections 2.0.0
	        |-- yumi_commons_core 2.0.0
	        \-- yumi_commons_event 2.0.0
	- lithium 0.24.7+mc26.1.2
	- lithostitched 1.8.0
	   \-- apollib 1.1.6
	        \-- de_marhali_json5-java 3.0.0
	- minecraft 26.1.2
	- modernfix 5.27.19-build.1
	- moreculling 1.7.3
	   \-- conditional-mixin 0.6.3
	- presencefootsteps 1.13.3+26.1
	   \-- kirin 1.22.0-beta.1+26.1
	- punchy 2.8d
	- reeses-sodium-options 2.2.4+mc26.1.2
	- scalablelux 0.2.0+fabric.2b63825
	- sodium 0.9.2+mc26.1.2
	   \-- fabric-api-base 2.0.3+ece063234c
	- sodium-extra 0.9.4+mc26.1.2
	   \-- me_flashyreese_mods_greenlight-api 0.1.0+mc26.2
	- sound_physics_remastered 1.5.1+26.1.2
	- tectonic 3.0.28
	   \-- apollib 1.1.6
	        \-- de_marhali_json5-java 3.0.0
	- terralith 2.6.2
	- yet_another_config_lib_v3 3.9.7+26.1-fabric
	   |-- com_twelvemonkeys_common_common-image 3.12.0
	   |-- com_twelvemonkeys_common_common-io 3.12.0
	   |-- com_twelvemonkeys_common_common-lang 3.12.0
	   |-- com_twelvemonkeys_imageio_imageio-core 3.12.0
	   |-- com_twelvemonkeys_imageio_imageio-metadata 3.12.0
	   |-- com_twelvemonkeys_imageio_imageio-webp 3.12.0
	   |-- org_quiltmc_parsers_gson 0.2.1
	   \-- org_quiltmc_parsers_json 0.2.1
	- zoomify 2.16.3+26.1
[18:13:59] [main/INFO]: SpongePowered MIXIN Subsystem Version=0.8.7 Source=file:/C:/Users/itsbo/AppData/Roaming/ModrinthApp/meta/libraries/net/fabricmc/sponge-mixin/0.17.4+mixin.0.8.7/sponge-mixin-0.17.4+mixin.0.8.7.jar Service=Knot/Fabric Env=CLIENT
[18:13:59] [main/INFO]: Config version: 6
[18:13:59] [main/INFO]: BadOptimizations config dump:
[18:13:59] [main/INFO]: enable_toast_optimizations: true
[18:13:59] [main/INFO]: ignore_mod_incompatibilities: false
[18:13:59] [main/INFO]: lightmap_time_change_needed_for_update: 80
[18:13:59] [main/INFO]: enable_lightmap_caching: true
[18:13:59] [main/INFO]: enable_particle_manager_optimization: true
[18:13:59] [main/INFO]: enable_entity_renderer_caching: true
[18:13:59] [main/INFO]: log_config: true
[18:13:59] [main/INFO]: enable_remove_redundant_fov_calculations: true
[18:13:59] [main/INFO]: config_version: 6
[18:13:59] [main/INFO]: enable_sky_angle_caching_in_worldrenderer: true
[18:13:59] [main/INFO]: enable_block_entity_renderer_caching: true
[18:13:59] [main/INFO]: skycolor_time_change_needed_for_update: 3
[18:13:59] [main/INFO]: enable_entity_flag_caching: true
[18:13:59] [main/INFO]: ignore_mod_cache_hooks: false
[18:13:59] [main/INFO]: enable_debug_renderer_disable_if_not_needed: true
[18:13:59] [main/INFO]: enable_sky_color_caching: true
[18:13:59] [main/INFO]: enable_remove_tutorial_if_not_demo: true
[18:13:59] [main/INFO]: show_f3_text: true
[18:13:59] [main/INFO]: Initializing com.ishland.c2me.base.mixin
[18:14:00] [main/INFO]: CPU name: 13th Gen Intel(R) Core(TM) i5-13450HX
[18:14:00] [main/INFO]: Detected 10 available physical CPUs, 16 available logical CPUs
[18:14:00] [main/INFO]: Detected 10 available physical CPUs, 16 available logical CPUs
[18:14:00] [main/INFO]: Global Executor Parallelism: 9 configured, 9 evaluated, 9 default evaluated
[18:14:00] [main/INFO]: Initializing com.ishland.c2me.client.uncapvd.mixin
[18:14:00] [main/INFO]: Initializing com.ishland.c2me.fixes.chunkio.threading_issues.mixin
[18:14:00] [main/INFO]: Initializing com.ishland.c2me.fixes.general.threading_issues.mixin
[18:14:00] [main/INFO]: Initializing com.ishland.c2me.fixes.worldgen.threading_issues.mixin
[18:14:00] [main/INFO]: Initializing com.ishland.c2me.fixes.worldgen.vanilla_bugs.mixin
[18:14:00] [main/INFO]: Initializing com.ishland.c2me.notickvd.mixin
[18:14:00] [main/INFO]: Initializing com.ishland.c2me.opts.allocs.mixin
[18:14:00] [main/INFO]: Initializing com.ishland.c2me.opts.chunkio.mixin
[18:14:00] [main/INFO]: Initializing com.ishland.c2me.opts.dfc.mixin
[18:14:00] [main/INFO]: Initializing com.ishland.c2me.opts.math.mixin
[18:14:00] [main/INFO]: Initializing com.ishland.c2me.opts.natives_math.mixin
[18:14:00] [main/INFO]: Attempting to call native library. If your game crashes right after this point, native acceleration may not be available for your system.
[18:14:00] [main/INFO]: Detected maximum supported ISA target: AVX2
[18:14:00] [main/INFO]: Initializing com.ishland.c2me.opts.scheduling.mixin
[18:14:00] [main/INFO]: Initializing com.ishland.c2me.opts.worldgen.general.mixin
[18:14:00] [main/INFO]: Initializing com.ishland.c2me.opts.worldgen.vanilla.mixin
[18:14:00] [main/INFO]: Initializing com.ishland.c2me.rewrites.chunk_serializer.mixin
[18:14:00] [main/INFO]: Disabling com.ishland.c2me.rewrites.chunk_serializer.mixin
[18:14:00] [main/INFO]: Initializing com.ishland.c2me.rewrites.chunksystem.mixin
[18:14:00] [main/INFO]: Initializing com.ishland.c2me.rewrites.chunkio.mixin
[18:14:00] [main/INFO]: Initializing com.ishland.c2me.server.utils.mixin
[18:14:00] [main/INFO]: Initializing com.ishland.c2me.threading.lighting.mixin
[18:14:00] [main/WARN]: Reference map 'entityculling.refmap.mixins.json' for entityculling.mixins.json could not be read. If this is a development environment you can ignore this message
[18:14:00] [main/WARN]: Reference map 'iris.refmap.json' for mixins.iris.json could not be read. If this is a development environment you can ignore this message
[18:14:00] [main/WARN]: Reference map 'iris-fabric.refmap.json' for mixins.iris.fabric.json could not be read. If this is a development environment you can ignore this message
[18:14:00] [main/WARN]: Reference map 'iris.refmap.json' for mixins.iris.vertexformat.json could not be read. If this is a development environment you can ignore this message
[18:14:00] [main/WARN]: Reference map 'iris.refmap.json' for mixins.iris.bettermipmaps.json could not be read. If this is a development environment you can ignore this message
[18:14:00] [main/WARN]: Reference map 'iris.refmap.json' for mixins.iris.compat.sodium.json could not be read. If this is a development environment you can ignore this message
[18:14:00] [main/WARN]: Reference map 'iris.refmap.json' for mixins.iris.fixes.maxfpscrash.json could not be read. If this is a development environment you can ignore this message
[18:14:00] [main/WARN]: Reference map 'ixeris.mixins.refmap.json' for ixeris.mixins.json could not be read. If this is a development environment you can ignore this message
[18:14:00] [main/INFO]: Loaded configuration file for Lithium: 171 options available, 0 override(s) found.
[18:14:00] [main/INFO]: Loaded configuration file for ModernFix 5.27.19-build.1: 68 options available, 4 override(s) found
[18:14:00] [main/WARN]: Option 'mixin.perf.release_protochunks' overriden (by mods [c2me]) to 'false'
[18:14:00] [main/WARN]: Option 'mixin.bugfix.paper_chunk_patches' overriden (by mods [c2me]) to 'false'
[18:14:00] [main/WARN]: Option 'mixin.perf.cache_strongholds' overriden (by mods [c2me]) to 'false'
[18:14:00] [main/WARN]: Option 'mixin.bugfix.chunk_deadlock' overriden (by mods [c2me]) to 'false'
[18:14:00] [main/INFO]: Applying Nashorn fix
[18:14:00] [main/INFO]: Configuring Minecraft's max.bg.threads option with 13 threads
[18:14:00] [main/WARN]: Reference map 'modernfix.refmap.json' for modernfix-fabric.mixins.json could not be read. If this is a development environment you can ignore this message
[18:14:00] [main/WARN]: Reference map 'modernfix.refmap.json' for modernfix-common.mixins.json could not be read. If this is a development environment you can ignore this message
[18:14:00] [main/INFO]: Loaded configuration file for Sodium: 37 options available, 1 override(s) found
[18:14:00] [main/INFO]: Loaded configuration file for Sodium Extra: 26 options available, 0 override(s) found
[18:14:01] [main/WARN]: Reference map 'yet_another_config_lib_v3.refmap.json' for yacl.mixins.json could not be read. If this is a development environment you can ignore this message
[18:14:01] [main/WARN]: Reference map 'yet_another_config_lib_v3.refmap.json' for yacl-fabric.mixins.json could not be read. If this is a development environment you can ignore this message
[18:14:01] [main/WARN]: Error loading class: net/vulkanmod/config/option/Options (java.lang.ClassNotFoundException: net/vulkanmod/config/option/Options)
[18:14:01] [main/WARN]: Error loading class: dev/tr7zw/skinlayers/render/CustomizableModelPart (java.lang.ClassNotFoundException: dev/tr7zw/skinlayers/render/CustomizableModelPart)
[18:14:02] [main/WARN]: Error loading class: fuzs/swordblockingmechanics/common/handler/SwordBlockingHandler (java.lang.ClassNotFoundException: fuzs/swordblockingmechanics/common/handler/SwordBlockingHandler)
[18:14:02] [main/WARN]: Error loading class: fuzs/swordblockingmechanics/common/client/handler/FirstPersonRenderingHandler (java.lang.ClassNotFoundException: fuzs/swordblockingmechanics/common/client/handler/FirstPersonRenderingHandler)
[18:14:02] [main/WARN]: Error loading class: net/bettercombat/logic/WeaponRegistry (java.lang.ClassNotFoundException: net/bettercombat/logic/WeaponRegistry)
[18:14:02] [main/WARN]: Force-disabling mixin 'features.render.world.sky.LevelRendererMixin' as rule 'mixin.features.render.world.sky' (added by mods [iris]) disables it and children
[18:14:02] [main/INFO]: Searching for graphics cards...
[18:14:02] [main/INFO]: Found graphics adapter: AdapterInfo{vendor=INTEL, description='Intel(R) RaptorLake-S Mobile Graphics Controller', adapterType=0x00002323, openglIcdFilePath='C:\WINDOWS\System32\DriverStore\FileRepository\iigd_dch.inf_amd64_2c091df994bfd0bb\igxelpicd64.dll', openglIcdVersion=32.0.101.7026}
[18:14:02] [main/INFO]: Found graphics adapter: AdapterInfo{vendor=NVIDIA, description='NVIDIA GeForce RTX 5060 Laptop GPU', adapterType=0x0000231B, openglIcdFilePath='C:\WINDOWS\System32\DriverStore\FileRepository\nvlti.inf_amd64_fb30b03d287a3534\nvoglv64.dll', openglIcdVersion=32.0.16.1714}
[18:14:02] [main/WARN]: Sodium has applied one or more workarounds to prevent crashes or other issues on your system: [NVIDIA_THREADED_OPTIMIZATIONS_BROKEN]
[18:14:02] [main/WARN]: This is not necessarily an issue, but it may result in certain features or optimizations being disabled. You can sometimes fix these issues by upgrading your graphics driver.
[18:14:02] [main/INFO]: Initializing MixinExtras via com.llamalad7.mixinextras.service.MixinExtrasServiceImpl(version=0.5.5).
[18:14:04] [Datafixer Bootstrap/INFO]: 291 Datafixer optimizations took 391 milliseconds
[18:14:04] [main/INFO]: ModernFix reached bootstrap stage (8.714 s after launch)
[18:14:06] [main/WARN]: Method overwrite conflict for getTemperature in modernfix-common.mixins.json:perf.remove_biome_temperature_cache.BiomeMixin from mod modernfix, previously written by net.caffeinemc.mods.lithium.mixin.world.temperature_cache.BiomeMixin. Skipping method.
[18:14:09] [main/INFO]: Vanilla bootstrap took 4935 milliseconds
[18:14:10] [Render thread/INFO]: Environment: Environment[sessionHost=https://sessionserver.mojang.com, servicesHost=https://api.minecraftservices.com, profilesHost=https://api.mojang.com, name=PROD]
[18:14:10] [Render thread/INFO]: Setting user: Zyfley880
[18:14:10] [Render thread/INFO]: ping & connect fast!
[18:14:10] [Render thread/INFO]: [BetterGrassify] [FANCY] Gamers can finally touch grass!?
[18:14:10] [Render thread/INFO]: [ETF]: Modifying ETF Render State constructor because: for EMF
[18:14:10] [Render thread/INFO]: Loading Entity Model Features, your third cousin's, dog's, previous owner's, uncle's, old boss's, fifth favourite mod!
[18:14:10] [Render thread/INFO]: [ETF]: 6 new ETF Random Properties registered by entity_model_features
[18:14:10] [Render thread/INFO]: Loading Entity Texture Features, one of the mods ever made!
[18:14:11] [Render thread/INFO]: [Indigo] Different rendering plugin detected; not applying Indigo.
[18:14:11] [Render thread/INFO]: Registering leaf particles.
[18:14:11] [Render thread/INFO]: Reloading reverb parameters
[18:14:11] [Render thread/INFO]: Unknown sound in sound rate config: physicsmod:splash_sound
[18:14:11] [Render thread/INFO]: Unknown sound in sound rate config: physicsmod:wind
[18:14:11] [Render thread/INFO]: [STDOUT]: [TRender] Initializing Client...
[18:14:11] [Render thread/INFO]: Deserializing YACLConfig from 'C:\Users\itsbo\AppData\Roaming\ModrinthApp\profiles\Mods optimizacion (2)\config\yacl.json5'
[18:14:12] [Render thread/INFO]: Initializing mods (entrypoint yumi:init)...
[18:14:12] [Render thread/INFO]: [LambDynLights] Initializing LambDynamicLights...
[18:14:12] [Render thread/INFO]: [LambDynLights] Configuration loaded.
[18:14:12] [ForkJoinPool.commonPool-worker-1/WARN]: [Iris Update Check] This version doesn't have an update index, skipping.
[18:14:12] [Render thread/INFO]: Backend library: LWJGL version 3.4.1-snapshot
[18:14:12] [Ixeris Event Polling Thread/INFO]: Using GlfwEventHandler
[18:14:12] [Render thread/INFO]: Using GlfwEventHandler
[18:14:12] [Render thread/INFO]: Modifying process environment to apply workarounds for the NVIDIA graphics driver...
[18:14:13] [Render thread/INFO]: Initializing ImmediatelyFast 1.15.3+26.1 on NVIDIA GeForce RTX 5060 Laptop GPU/PCIe/SSE2 (NVIDIA Corporation) with OpenGL 3.3.0 NVIDIA 617.14
[18:14:13] [Render thread/INFO]: Found Iris 1.11.4+mc26.1.2. Enabling compatibility.
[18:14:13] [Render thread/INFO]: Debug functionality is disabled.
[18:14:13] [Render thread/INFO]: ARB_direct_state_access detected, enabling DSA.
[18:14:13] [Render thread/INFO]: Profile: Custom (+0 options changed by user)
[18:14:13] [Render thread/INFO]: Using shaderpack: ShaderChocapic13Reborn-v0.2.0.zip
[18:14:13] [Render thread/INFO]: Using optional rendering extensions: GL_ARB_buffer_storage, GL_KHR_debug, GL_ARB_vertex_attrib_binding, GL_ARB_direct_state_access, GL_EXT_texture_filter_anisotropic
[18:14:14] [Render thread/INFO]: Hardware information:
[18:14:14] [Render thread/INFO]: CPU: 16x 13th Gen Intel(R) Core(TM) i5-13450HX
[18:14:14] [Render thread/INFO]: GPU: NVIDIA GeForce RTX 5060 Laptop GPU/PCIe/SSE2 (Supports OpenGL 3.3.0 NVIDIA 617.14)
[18:14:14] [Render thread/INFO]: OS: Windows 11 (10.0)
[18:14:14] [Render thread/INFO]: Reloading ResourceManager: vanilla, apollib, badoptimizations, bettergrass, c2me, cloth-config, conditional-mixin, entity_model_features, entity_texture_features, entityculling, fabric-api, fabric-api-base, fabric-api-lookup-api-v1, fabric-biome-api-v1, fabric-block-api-v1, fabric-block-getter-api-v2, fabric-command-api-v2, fabric-content-registries-v0, fabric-convention-tags-v2, fabric-crash-report-info-v1, fabric-creative-tab-api-v1, fabric-data-attachment-api-v1, fabric-data-generation-api-v1, fabric-debug-api-v1, fabric-dimensions-v1, fabric-entity-events-v1, fabric-events-interaction-v0, fabric-game-rule-api-v1, fabric-item-api-v1, fabric-key-mapping-api-v1, fabric-language-kotlin, fabric-lifecycle-events-v1, fabric-loot-api-v3, fabric-menu-api-v1, fabric-message-api-v1, fabric-model-loading-api-v1, fabric-networking-api-v1, fabric-object-builder-api-v1, fabric-particles-v1, fabric-permission-api-v1, fabric-recipe-api-v1, fabric-registry-sync-v0, fabric-renderer-api-v1, fabric-renderer-indigo, fabric-rendering-fluids-v1, fabric-rendering-v1, fabric-resource-conditions-api-v1, fabric-resource-loader-v0, fabric-resource-loader-v1, fabric-screen-api-v1, fabric-serialization-api-v1, fabric-sound-api-v1, fabric-tag-api-v1, fabric-transfer-api-v1, fabric-transitive-access-wideners-v1, fabricloader, fallingleaves, immediatelyfast, iris, kirin, lambdynlights, lambdynlights_api, lithium, modernfix, moreculling, presencefootsteps, pride, punchy, reeses-sodium-options, scalablelux, sodium, sodium-extra, sound_physics_remastered, spruceui, tectonic, terralith, trender, yet_another_config_lib_v3, zoomify, punchy:punchy
[18:14:14] [Render thread/INFO]: Cached all modded block culling states
[18:14:15] [Render thread/INFO]: [Punchy Startup] resource reload: mix profile restored=false
[18:14:15] [Worker-ResourceReload-6/INFO]: Found unifont_all_no_pua-17.0.01.hex, loading
[18:14:15] [Worker-ResourceReload-4/INFO]: Found unifont_pua-17.0.01.hex, loading
[18:14:15] [Render thread/INFO]: [Punchy Startup] local tuning file=C:\Users\itsbo\AppData\Roaming\ModrinthApp\profiles\Mods optimizacion (2)\config\punchy\punchy_tuning.json exists=false parsed=false sections=none
[18:14:15] [Render thread/INFO]: [Punchy Startup] applied tuning: globalArmRight=scale=1.000 off=(0.000,0.000,0.000) rot=(0.000,0.000,0.000), globalArmLeft=scale=1.000 off=(-0.000,0.000,0.000) rot=(0.000,-0.000,-0.000), armKinds=0, itemSpecific=0
[18:14:15] [Worker-ResourceReload-6/INFO]: Found unifont_jp_patch-17.0.01.hex, loading
[18:14:16] [Render thread/INFO]: Thread[#87,Render thread,10,main]
[18:14:16] [Render thread/INFO]: OpenGL Vendor: NVIDIA Corporation
[18:14:16] [Render thread/INFO]: OpenGL Renderer: NVIDIA GeForce RTX 5060 Laptop GPU/PCIe/SSE2
[18:14:16] [Render thread/INFO]: OpenGL Version: 3.3.0 NVIDIA 617.14
[18:14:16] [Render thread/INFO]: Modifying OpenGL context to apply workarounds for the NVIDIA graphics driver...
[18:14:16] [Render thread/INFO]: Enabling GL_DEBUG_OUTPUT_SYNCHRONOUS to force the NVIDIA driver to disable threaded command submission
[18:14:16] [Render thread/INFO]: [Punchy Startup] resource reload: mix profile restored=false
[18:14:16] [Render thread/INFO]: [Punchy Startup] local tuning file=C:\Users\itsbo\AppData\Roaming\ModrinthApp\profiles\Mods optimizacion (2)\config\punchy\punchy_tuning.json exists=false parsed=false sections=none
[18:14:16] [Render thread/INFO]: [Punchy Startup] applied tuning: globalArmRight=scale=1.000 off=(0.000,0.000,0.000) rot=(0.000,0.000,0.000), globalArmLeft=scale=1.000 off=(-0.000,0.000,0.000) rot=(0.000,-0.000,-0.000), armKinds=0, itemSpecific=0
[18:14:17] [Render thread/INFO]: OpenAL initialized on device OpenAL Soft on SAMSUNG (NVIDIA High Definition Audio)
[18:14:17] [Render thread/INFO]: Initializing Sound Physics
[18:14:17] [Render thread/INFO]: EFX Extension recognized
[18:14:17] [Render thread/INFO]: Max auxiliary sends: 4
[18:14:17] [Render thread/INFO]: Aux slot 1 created
[18:14:17] [Render thread/INFO]: Aux slot 2 created
[18:14:17] [Render thread/INFO]: Aux slot 3 created
[18:14:17] [Render thread/INFO]: Aux slot 4 created
[18:14:17] [Render thread/INFO]: EFX ready
[18:14:17] [Render thread/INFO]: Sound engine started
[18:14:17] [Render thread/INFO]: Created: 512x256x0 minecraft:textures/atlas/particles.png-atlas
[18:14:17] [Render thread/INFO]: Created: 128x128x0 minecraft:textures/atlas/decorated_pot.png-atlas
[18:14:17] [Render thread/INFO]: Created: 2048x1024x0 minecraft:textures/atlas/armor_trims.png-atlas
[18:14:17] [Render thread/INFO]: Created: 512x256x0 minecraft:textures/atlas/paintings.png-atlas
[18:14:17] [Render thread/INFO]: Created: 1024x512x0 minecraft:textures/atlas/shield_patterns.png-atlas
[18:14:17] [Render thread/INFO]: Created: 2048x2048x4 minecraft:textures/atlas/blocks.png-atlas
[18:14:17] [Render thread/INFO]: Created: 512x512x0 minecraft:textures/atlas/chest.png-atlas
[18:14:17] [Render thread/INFO]: Created: 256x128x0 minecraft:textures/atlas/celestials.png-atlas
[18:14:17] [Render thread/INFO]: Created: 1024x512x0 minecraft:textures/atlas/banner_patterns.png-atlas
[18:14:17] [Render thread/INFO]: Created: 512x512x0 minecraft:textures/atlas/beds.png-atlas
[18:14:17] [Render thread/INFO]: Created: 1024x512x0 minecraft:textures/atlas/items.png-atlas
[18:14:17] [Render thread/INFO]: Created: 1024x512x0 minecraft:textures/atlas/gui.png-atlas
[18:14:17] [Render thread/INFO]: Created: 128x64x0 minecraft:textures/atlas/map_decorations.png-atlas
[18:14:17] [Render thread/INFO]: Created: 512x256x0 minecraft:textures/atlas/signs.png-atlas
[18:14:17] [Render thread/INFO]: Created: 512x512x0 minecraft:textures/atlas/shulker_boxes.png-atlas
[18:14:18] [Render thread/INFO]: 29877 cache(s) were cleared!
[18:14:18] [Render thread/INFO]: [Punchy Startup] resource reload: mix profile restored=false
[18:14:18] [Render thread/INFO]: [Punchy Startup] local tuning file=C:\Users\itsbo\AppData\Roaming\ModrinthApp\profiles\Mods optimizacion (2)\config\punchy\punchy_tuning.json exists=false parsed=false sections=none
[18:14:18] [Render thread/INFO]: [Punchy Startup] applied tuning: globalArmRight=scale=1.000 off=(0.000,0.000,0.000) rot=(0.000,0.000,0.000), globalArmLeft=scale=1.000 off=(-0.000,0.000,0.000) rot=(0.000,-0.000,-0.000), armKinds=0, itemSpecific=0
[18:14:18] [Render thread/INFO]: [ETF]: reloading ETF data.
[18:14:18] [Render thread/INFO]: [ETF]: emissive suffixes loaded: [_e]
[18:14:18] [Render thread/INFO]: [ETF]: emissive suffixes loaded: [_e]
[18:14:18] [Render thread/INFO]: Creating pipeline for dimension minecraft:overworld
[18:14:19] [Render thread/INFO]: [Punchy Startup] resource reload: mix profile restored=false
[18:14:19] [Render thread/INFO]: [Punchy Startup] local tuning file=C:\Users\itsbo\AppData\Roaming\ModrinthApp\profiles\Mods optimizacion (2)\config\punchy\punchy_tuning.json exists=false parsed=false sections=none
[18:14:19] [Render thread/INFO]: [Punchy Startup] applied tuning: globalArmRight=scale=1.000 off=(0.000,0.000,0.000) rot=(0.000,0.000,0.000), globalArmLeft=scale=1.000 off=(-0.000,0.000,0.000) rot=(0.000,-0.000,-0.000), armKinds=0, itemSpecific=0
[18:14:21] [Render thread/WARN]: Game took 25.559 seconds to start
[18:14:27] [Render thread/INFO]: Loaded 1515 recipes
[18:14:27] [Render thread/INFO]: Loaded 1617 advancements
[18:14:27] [Render thread/WARN]: Initial datapack load took 1.299 s
[18:14:27] [Render thread/INFO]: [ETF]: emissive suffixes loaded: [_e]
[18:14:27] [Render thread/INFO]: Applied 0 biome modifications to 0 of 160 new biomes in 2.652 ms
[18:14:28] [Server thread/INFO]: Starting integrated minecraft server version 26.1.2
[18:14:28] [Server thread/INFO]: Generating keypair
[18:14:28] [Server thread/INFO]: Enforcing safe world random access
[18:14:28] [Server thread/INFO]: Bound to lithostitched dev.worldgen.lithostitched.impl.worldgen.densityfunction.AxisDensityFunction
[18:14:28] [Server thread/INFO]: Bound to lithostitched dev.worldgen.lithostitched.impl.worldgen.densityfunction.CeilDensityFunction
[18:14:28] [Server thread/INFO]: Bound to lithostitched dev.worldgen.lithostitched.impl.worldgen.densityfunction.CosDensityFunction
[18:14:28] [Server thread/INFO]: Bound to lithostitched dev.worldgen.lithostitched.impl.worldgen.densityfunction.FastNoiseDensityFunction
[18:14:28] [Server thread/INFO]: Bound to lithostitched dev.worldgen.lithostitched.impl.worldgen.densityfunction.FloorDensityFunction
[18:14:28] [Server thread/INFO]: Bound to lithostitched dev.worldgen.lithostitched.impl.worldgen.densityfunction.MixDensityFunction
[18:14:28] [Server thread/INFO]: Bound to lithostitched dev.worldgen.lithostitched.impl.worldgen.densityfunction.SelectDensityFunction
[18:14:28] [Server thread/INFO]: Bound to lithostitched dev.worldgen.lithostitched.impl.worldgen.densityfunction.ShiftDensityFunction
[18:14:28] [Server thread/INFO]: Bound to lithostitched dev.worldgen.lithostitched.impl.worldgen.densityfunction.SinDensityFunction
[18:14:28] [Server thread/INFO]: Bound to lithostitched dev.worldgen.lithostitched.impl.worldgen.densityfunction.SqrtDensityFunction
[18:14:28] [Server thread/INFO]: Bound to tectonic dev.worldgen.tectonic.worldgen.densityfunction.ConfigClamp
[18:14:28] [Server thread/INFO]: Bound to tectonic dev.worldgen.tectonic.worldgen.densityfunction.ConfigNoise
[18:14:31] [Server thread/INFO]: [STDOUT]: Density function compilation finished in 2.629 s
[18:14:31] [Server thread/INFO]: [STDOUT]: [ScalableLux] Lighting scaling is enabled in externally managed mode
[18:14:31] [Server thread/INFO]: Using TheSpeedyObjectFactory with Unsafe
[18:14:31] [Worker-Main-1/INFO]: Bound to FastNoiseLite dev.worldgen.lithostitched.api.worldgen.densityfunction.fastnoise.FNL
[18:14:31] [Server thread/INFO]: [STDOUT]: Density function compilation finished in 10.64 ms
[18:14:32] [Server thread/INFO]: [STDOUT]: Density function compilation finished in 31.38 ms
[18:14:32] [Server thread/INFO]: Loading 0 persistent chunks...
[18:14:32] [Server thread/INFO]: Preparing spawn area: 16%
[18:14:32] [Server thread/INFO]: Saving chunks for level 'ServerLevel[aur]'/minecraft:overworld
[18:14:32] [Server thread/INFO]: Saving chunks for level 'ServerLevel[aur]'/minecraft:the_nether
[18:14:32] [Server thread/INFO]: Saving chunks for level 'ServerLevel[aur]'/minecraft:the_end
[18:14:32] [Server thread/INFO]: ThreadedAnvilChunkStorage (world): All chunks are saved
[18:14:32] [Server thread/INFO]: ThreadedAnvilChunkStorage (DIM-1): All chunks are saved
[18:14:32] [Server thread/INFO]: ThreadedAnvilChunkStorage (DIM1): All chunks are saved
[18:14:32] [Server thread/INFO]: ThreadedAnvilChunkStorage: All dimensions are saved
[18:14:33] [Server thread/INFO]: Loading 0 chunks for player spawn...
[18:14:33] [Server thread/INFO]: Preparing spawn area: 16%
[18:14:33] [Server thread/INFO]: Preparing spawn area: 16%
[18:14:33] [Server thread/INFO]: Preparing spawn area: 16%
[18:14:34] [Server thread/INFO]: Time elapsed: 1953 ms
[18:14:34] [Render thread/INFO]: Joined server with c2me:ext_render_distance_v1 support
[18:14:34] [Server thread/INFO]: Zyfley880[local:E:3fdf7f76] logged in with entity id 66 at (-152.61323073916176, 95.0, 367.0311188357782)
[18:14:34] [Server thread/INFO]: Zyfley880 joined the game
[18:14:34] [Render thread/INFO]: Started 10 worker threads
[18:14:34] [Server thread/INFO]: Changing view distance to 8, from 10
[18:14:34] [Server thread/INFO]: Changing simulation distance to 12, from 0
[18:14:34] [Render thread/INFO]: Loaded 238 advancements
[18:14:34] [Render thread/INFO]: Joined server with c2me:ext_render_distance_v1 support
[18:14:34] [Render thread/INFO]: Changing view distance to 8 (play stage)
[18:14:35] [Render thread/INFO]: Stopping worker threads
[18:14:35] [Render thread/INFO]: Started 10 worker threads
[18:14:35] [Render thread/INFO]: Resizing Dynamic Transforms UBO, capacity limit of 2 reached during a single frame. New capacity will be 4.
[18:14:35] [Render thread/INFO]: Resizing Dynamic Transforms UBO, capacity limit of 4 reached during a single frame. New capacity will be 8.
[18:14:35] [Render thread/INFO]: Resizing Dynamic Transforms UBO, capacity limit of 8 reached during a single frame. New capacity will be 16.
[18:14:36] [Render thread/WARN]: Time from main menu to in-game was 8.178233 seconds
[18:14:36] [Render thread/WARN]: Total time to load game and open world was 33.737232 seconds
[18:14:37] [Render thread/WARN]: Unable to play empty soundEvent: minecraft:entity.cod.ambient
[18:14:37] [Render thread/WARN]: Unable to play empty soundEvent: minecraft:entity.tropical_fish.ambient
[18:14:56] [Server thread/INFO]: Saving and pausing game...
[18:14:56] [Server thread/INFO]: Saving chunks for level 'ServerLevel[aur]'/minecraft:overworld
[18:14:56] [Server thread/INFO]: Saving chunks for level 'ServerLevel[aur]'/minecraft:the_nether
[18:14:56] [Server thread/INFO]: Saving chunks for level 'ServerLevel[aur]'/minecraft:the_end
[18:14:57] [Render thread/INFO]: Changing view distance to 8 (play stage)
[18:14:58] [Render thread/INFO]: Changing view distance to 8 (play stage)
[18:15:17] [Render thread/INFO]: [System] [CHAT] Saved screenshot as 2026-10-01_18.15.17.png
[18:15:19] [Server thread/INFO]: Saving and pausing game...
[18:15:19] [Server thread/INFO]: Saving chunks for level 'ServerLevel[aur]'/minecraft:overworld
[18:15:19] [Server thread/INFO]: Saving chunks for level 'ServerLevel[aur]'/minecraft:the_nether
[18:15:19] [Server thread/INFO]: Saving chunks for level 'ServerLevel[aur]'/minecraft:the_end
[18:15:21] [Render thread/INFO]: Changing view distance to 8 (play stage)
[18:15:43] [Render thread/INFO]: Destroying pipeline minecraft:overworld
[18:15:43] [Render thread/INFO]: Profile: Custom (+1 option changed by user)
[18:15:43] [Render thread/INFO]: Using shaderpack: ShaderChocapic13Reborn-v0.2.0.zip
[18:15:43] [Render thread/INFO]: Creating pipeline for dimension minecraft:overworld
[18:15:44] [Render thread/INFO]: Stopping worker threads
[18:15:44] [Render thread/INFO]: Started 10 worker threads
[18:15:44] [Render thread/INFO]: Stopping worker threads
[18:15:44] [Render thread/INFO]: Started 10 worker threads
[18:15:48] [Render thread/INFO]: Changing view distance to 8 (play stage)
[18:15:56] [Render thread/INFO]: [System] [CHAT] Saved screenshot as 2026-10-01_18.15.56.png
[18:15:59] [Server thread/INFO]: Saving and pausing game...
[18:15:59] [Server thread/INFO]: Saving chunks for level 'ServerLevel[aur]'/minecraft:overworld
[18:15:59] [Server thread/INFO]: Saving chunks for level 'ServerLevel[aur]'/minecraft:the_nether
[18:15:59] [Server thread/INFO]: Saving chunks for level 'ServerLevel[aur]'/minecraft:the_end
[18:16:35] [Render thread/INFO]: [System] [CHAT] Unknown or incomplete command. See below for error
[18:16:35] [Render thread/INFO]: [System] [CHAT] time set 0<--[HERE]
[18:16:42] [Server thread/INFO]: Saving and pausing game...
[18:16:42] [Server thread/INFO]: Saving chunks for level 'ServerLevel[aur]'/minecraft:overworld
[18:16:42] [Server thread/INFO]: Saving chunks for level 'ServerLevel[aur]'/minecraft:the_nether
[18:16:42] [Server thread/INFO]: Saving chunks for level 'ServerLevel[aur]'/minecraft:the_end
[18:17:18] [Server thread/INFO]: [Not Secure] <Zyfley880> time set night
[18:17:18] [Render thread/INFO]: [CHAT] <Zyfley880> time set night
[18:17:33] [Server thread/INFO]: Saving and pausing game...
[18:17:33] [Server thread/INFO]: Saving chunks for level 'ServerLevel[aur]'/minecraft:overworld
[18:17:33] [Server thread/INFO]: Saving chunks for level 'ServerLevel[aur]'/minecraft:the_nether
[18:17:33] [Server thread/INFO]: Saving chunks for level 'ServerLevel[aur]'/minecraft:the_end
[18:17:36] [Server thread/INFO]: Saving and pausing game...
[18:17:36] [Server thread/INFO]: Saving chunks for level 'ServerLevel[aur]'/minecraft:overworld
[18:17:36] [Server thread/INFO]: Saving chunks for level 'ServerLevel[aur]'/minecraft:the_nether
[18:17:36] [Server thread/INFO]: Saving chunks for level 'ServerLevel[aur]'/minecraft:the_end
[18:17:40] [Server thread/INFO]: Stopping server
[18:17:40] [Server thread/INFO]: Saving players
[18:17:40] [Server thread/INFO]: Zyfley880 lost connection: Disconnected
[18:17:40] [Server thread/INFO]: Zyfley880 left the game
[18:17:40] [Server thread/INFO]: Stopping singleplayer server as player logged out
[18:17:40] [Server thread/INFO]: Saving worlds
[18:17:40] [Server thread/INFO]: ServerLevel[aur]/minecraft:overworld: waiting for 2601 chunks to unload
[18:17:40] [Server thread/INFO]: Saving chunks for level 'ServerLevel[aur]'/minecraft:overworld
[18:17:40] [Server thread/INFO]: Saving chunks for level 'ServerLevel[aur]'/minecraft:the_nether
[18:17:40] [Server thread/INFO]: Saving chunks for level 'ServerLevel[aur]'/minecraft:the_end
[18:17:40] [Server thread/INFO]: ThreadedAnvilChunkStorage (world): All chunks are saved
[18:17:40] [Server thread/INFO]: ThreadedAnvilChunkStorage (DIM-1): All chunks are saved
[18:17:40] [Server thread/INFO]: ThreadedAnvilChunkStorage (DIM1): All chunks are saved
[18:17:40] [Server thread/INFO]: ThreadedAnvilChunkStorage: All dimensions are saved
[18:17:40] [C2ME Storage #3/INFO]: Storage thread Thread[#149,C2ME Storage #3,4,main] stopped
[18:17:40] [C2ME Storage #2/INFO]: Storage thread Thread[#143,C2ME Storage #2,4,main] stopped
[18:17:40] [C2ME Storage #1/INFO]: Storage thread Thread[#142,C2ME Storage #1,4,main] stopped
[18:17:40] [C2ME Storage #5/INFO]: Storage thread Thread[#163,C2ME Storage #5,4,main] stopped
[18:17:40] [C2ME Storage #6/INFO]: Storage thread Thread[#164,C2ME Storage #6,4,main] stopped
[18:17:40] [C2ME Storage #4/INFO]: Storage thread Thread[#162,C2ME Storage #4,4,main] stopped
[18:17:40] [C2ME Storage #9/INFO]: Storage thread Thread[#167,C2ME Storage #9,4,main] stopped
[18:17:40] [C2ME Storage #8/INFO]: Storage thread Thread[#166,C2ME Storage #8,4,main] stopped
[18:17:40] [C2ME Storage #7/INFO]: Storage thread Thread[#165,C2ME Storage #7,4,main] stopped
[18:17:40] [Render thread/INFO]: Stopping worker threads
[18:17:40] [Render thread/INFO]: [ETF]: emissive suffixes loaded: [_e]
[18:17:40] [Render thread/INFO]: [ETF]: emissive suffixes loaded: [_e]
[18:18:09] [Render thread/INFO]: Loaded 1515 recipes
[18:18:09] [Render thread/INFO]: Loaded 1617 advancements
[18:18:09] [Render thread/WARN]: Initial datapack load took 892.4 ms
[18:18:09] [Render thread/INFO]: [ETF]: emissive suffixes loaded: [_e]
[18:18:09] [Render thread/INFO]: Applied 0 biome modifications to 0 of 160 new biomes in 1.303 ms
[18:18:09] [Server thread/INFO]: Starting integrated minecraft server version 26.1.2
[18:18:09] [Server thread/INFO]: Generating keypair
[18:18:12] [Server thread/INFO]: [STDOUT]: Density function compilation finished in 2.547 s
[18:18:12] [Server thread/INFO]: [STDOUT]: Density function compilation finished in 11.56 ms
[18:18:12] [Server thread/INFO]: [STDOUT]: Density function compilation finished in 14.43 ms
[18:18:12] [Server thread/INFO]: Loading 0 persistent chunks...
[18:18:12] [Server thread/INFO]: Saving chunks for level 'ServerLevel[aur]'/minecraft:overworld
[18:18:12] [Server thread/INFO]: Saving chunks for level 'ServerLevel[aur]'/minecraft:the_nether
[18:18:13] [Server thread/INFO]: Saving chunks for level 'ServerLevel[aur]'/minecraft:the_end
[18:18:13] [Server thread/INFO]: ThreadedAnvilChunkStorage (world): All chunks are saved
[18:18:13] [Server thread/INFO]: ThreadedAnvilChunkStorage (DIM-1): All chunks are saved
[18:18:13] [Server thread/INFO]: ThreadedAnvilChunkStorage (DIM1): All chunks are saved
[18:18:13] [Server thread/INFO]: ThreadedAnvilChunkStorage: All dimensions are saved
[18:18:13] [Server thread/INFO]: Loading 0 chunks for player spawn...
[18:18:13] [Server thread/INFO]: Preparing spawn area: 16%
[18:18:13] [Server thread/INFO]: Preparing spawn area: 16%
[18:18:13] [Server thread/INFO]: Preparing spawn area: 16%
[18:18:14] [Server thread/INFO]: Preparing spawn area: 16%
[18:18:14] [Server thread/INFO]: Time elapsed: 1650 ms
[18:18:14] [Render thread/INFO]: Joined server with c2me:ext_render_distance_v1 support
[18:18:14] [Server thread/INFO]: Zyfley880[local:E:b4889702] logged in with entity id 830 at (-146.73021893981314, 95.0, 367.2924016890605)
[18:18:14] [Server thread/INFO]: Zyfley880 joined the game
[18:18:14] [Render thread/INFO]: Started 10 worker threads
[18:18:14] [Render thread/INFO]: Joined server with c2me:ext_render_distance_v1 support
[18:18:14] [Render thread/INFO]: Changing view distance to 8 (play stage)
[18:18:14] [Server thread/INFO]: Changing view distance to 8, from 10
[18:18:14] [Server thread/INFO]: Changing simulation distance to 12, from 0
[18:18:14] [Render thread/INFO]: Loaded 238 advancements
[18:18:15] [Render thread/WARN]: Time from main menu to in-game was 5.994404 seconds
[18:18:15] [Render thread/WARN]: Total time to load game and open world was 31.553404 seconds
[18:18:17] [Server thread/INFO]: Saving and pausing game...
[18:18:17] [Server thread/INFO]: Saving chunks for level 'ServerLevel[aur]'/minecraft:overworld
[18:18:17] [Server thread/INFO]: Saving chunks for level 'ServerLevel[aur]'/minecraft:the_nether
[18:18:17] [Server thread/INFO]: Saving chunks for level 'ServerLevel[aur]'/minecraft:the_end
[18:18:21] [Render thread/INFO]: Changing view distance to 8 (play stage)
[18:18:22] [Server thread/INFO]: Saving and pausing game...
[18:18:22] [Server thread/INFO]: Saving chunks for level 'ServerLevel[aur]'/minecraft:overworld
[18:18:22] [Server thread/INFO]: Saving chunks for level 'ServerLevel[aur]'/minecraft:the_nether
[18:18:22] [Server thread/INFO]: Saving chunks for level 'ServerLevel[aur]'/minecraft:the_end
[18:18:40] [Render thread/INFO]: Changing view distance to 8 (play stage)
[18:18:51] [Render thread/INFO]: Changing view distance to 8 (play stage)
[18:18:54] [Render thread/INFO]: Changing view distance to 8 (play stage)
[18:18:56] [Render thread/INFO]: Changing view distance to 8 (play stage)
[18:19:00] [Render thread/INFO]: Changing view distance to 8 (play stage)
[18:19:01] [Render thread/INFO]: Changing view distance to 8 (play stage)
[18:20:33] [Render thread/INFO]: Changing view distance to 8 (play stage)
[18:20:51] [Render thread/INFO]: [System] [CHAT] Unknown or incomplete command. See below for error
[18:20:51] [Render thread/INFO]: [System] [CHAT] time set night<--[HERE]
[18:21:05] [Server thread/INFO]: Saving and pausing game...
[18:21:05] [Server thread/INFO]: Saving chunks for level 'ServerLevel[aur]'/minecraft:overworld
[18:21:05] [Server thread/INFO]: Saving chunks for level 'ServerLevel[aur]'/minecraft:the_nether
[18:21:05] [Server thread/INFO]: Saving chunks for level 'ServerLevel[aur]'/minecraft:the_end
[18:21:08] [Render thread/INFO]: Started serving on 62632
[18:21:08] [Render thread/INFO]: [System] [CHAT] Local game hosted on port [62632]
[18:21:08] [Render thread/INFO]: Changing view distance to 8 (play stage)
[18:21:15] [Server thread/INFO]: [Zyfley880: Set minecraft:overworld to time marker minecraft:night]
[18:21:15] [Render thread/INFO]: [System] [CHAT] Set minecraft:overworld to time marker minecraft:night
[18:22:20] [Render thread/INFO]: [System] [CHAT] Saved screenshot as 2026-10-01_18.22.20.png
[18:22:23] [Server thread/INFO]: Stopping server
[18:22:23] [Server thread/INFO]: Saving players
[18:22:23] [Server thread/INFO]: Zyfley880 lost connection: Disconnected
[18:22:23] [Server thread/INFO]: Zyfley880 left the game
[18:22:23] [Server thread/INFO]: Stopping singleplayer server as player logged out
[18:22:23] [Server thread/INFO]: Saving worlds
[18:22:23] [Server thread/INFO]: ServerLevel[aur]/minecraft:overworld: waiting for 2601 chunks to unload
[18:22:23] [Server thread/INFO]: Saving chunks for level 'ServerLevel[aur]'/minecraft:overworld
[18:22:23] [Server thread/INFO]: Saving chunks for level 'ServerLevel[aur]'/minecraft:the_nether
[18:22:23] [Server thread/INFO]: Saving chunks for level 'ServerLevel[aur]'/minecraft:the_end
[18:22:23] [Server thread/INFO]: ThreadedAnvilChunkStorage (world): All chunks are saved
[18:22:23] [Server thread/INFO]: ThreadedAnvilChunkStorage (DIM-1): All chunks are saved
[18:22:23] [Server thread/INFO]: ThreadedAnvilChunkStorage (DIM1): All chunks are saved
[18:22:23] [Server thread/INFO]: ThreadedAnvilChunkStorage: All dimensions are saved
[18:22:23] [C2ME Storage #12/INFO]: Storage thread Thread[#2577,C2ME Storage #12,4,main] stopped
[18:22:23] [C2ME Storage #11/INFO]: Storage thread Thread[#2576,C2ME Storage #11,4,main] stopped
[18:22:23] [C2ME Storage #10/INFO]: Storage thread Thread[#2575,C2ME Storage #10,4,main] stopped
[18:22:23] [C2ME Storage #13/INFO]: Storage thread Thread[#2589,C2ME Storage #13,4,main] stopped
[18:22:23] [C2ME Storage #18/INFO]: Storage thread Thread[#2594,C2ME Storage #18,4,main] stopped
[18:22:23] [C2ME Storage #14/INFO]: Storage thread Thread[#2590,C2ME Storage #14,4,main] stopped
[18:22:23] [C2ME Storage #17/INFO]: Storage thread Thread[#2593,C2ME Storage #17,4,main] stopped
[18:22:23] [C2ME Storage #16/INFO]: Storage thread Thread[#2592,C2ME Storage #16,4,main] stopped
[18:22:23] [C2ME Storage #15/INFO]: Storage thread Thread[#2591,C2ME Storage #15,4,main] stopped
[18:22:23] [Render thread/INFO]: Stopping worker threads
[18:22:23] [Render thread/INFO]: [ETF]: emissive suffixes loaded: [_e]
[18:22:23] [Render thread/INFO]: [ETF]: emissive suffixes loaded: [_e]
[18:22:26] [CullThread/INFO]: [STDOUT]: Shutting down culling task!
[18:22:26] [Render thread/INFO]: Stopping!
[18:22:26] [Render thread/INFO]: [ETF]: emissive suffixes loaded: [_e]
[18:22:26] [Ixeris Event Polling Thread/INFO]: Exiting event polling thread.
